<!DOCTYPE html>
<html>
  <head><link rel="icon" type="image/png" sizes="16x16" href="icons/favicon-16x16.png"><link rel="icon" type="image/png" sizes="32x32" href="icons/favicon-32x32.png"><link rel="icon" type="image/png" sizes="96x96" href="icons/favicon-96x96.png"><link rel="icon" type="image/png" sizes="230x230" href="icons/favicon-230x230.png"><link rel="shortcut icon" href="icons/favicon.ico">
    <meta charset="UTF-8">
    <title>Webpack App</title>
  </head>
  <body>
  <script src="bundle.js"></script></body>
</html>