{"outputFilePrefix":"favicons/","html":["<link rel=\"manifest\" href=\"favicons/manifest.json\">","<meta name=\"mobile-web-app-capable\" content=\"yes\">","<meta name=\"theme-color\" content=\"#fff\">","<meta name=\"application-name\" content=\"favicons-webpack-plugin\">","<link rel=\"apple-touch-icon\" sizes=\"57x57\" href=\"favicons/apple-touch-icon-57x57.png\">","<link rel=\"apple-touch-icon\" sizes=\"60x60\" href=\"favicons/apple-touch-icon-60x60.png\">","<link rel=\"apple-touch-icon\" sizes=\"72x72\" href=\"favicons/apple-touch-icon-72x72.png\">","<link rel=\"apple-touch-icon\" sizes=\"76x76\" href=\"favicons/apple-touch-icon-76x76.png\">","<link rel=\"apple-touch-icon\" sizes=\"114x114\" href=\"favicons/apple-touch-icon-114x114.png\">","<link rel=\"apple-touch-icon\" sizes=\"120x120\" href=\"favicons/apple-touch-icon-120x120.png\">","<link rel=\"apple-touch-icon\" sizes=\"144x144\" href=\"favicons/apple-touch-icon-144x144.png\">","<link rel=\"apple-touch-icon\" sizes=\"152x152\" href=\"favicons/apple-touch-icon-152x152.png\">","<link rel=\"apple-touch-icon\" sizes=\"180x180\" href=\"favicons/apple-touch-icon-180x180.png\">","<meta name=\"apple-mobile-web-app-capable\" content=\"yes\">","<meta name=\"apple-mobile-web-app-status-bar-style\" content=\"black-translucent\">","<meta name=\"apple-mobile-web-app-title\" content=\"favicons-webpack-plugin\">","<link rel=\"icon\" type=\"image/png\" sizes=\"32x32\" href=\"favicons/favicon-32x32.png\">","<link rel=\"icon\" type=\"image/png\" sizes=\"16x16\" href=\"favicons/favicon-16x16.png\">","<link rel=\"shortcut icon\" href=\"favicons/favicon.ico\">"],"files":["favicons/android-chrome-36x36.png","favicons/android-chrome-48x48.png","favicons/android-chrome-72x72.png","favicons/android-chrome-96x96.png","favicons/android-chrome-144x144.png","favicons/android-chrome-192x192.png","favicons/android-chrome-256x256.png","favicons/android-chrome-384x384.png","favicons/android-chrome-512x512.png","favicons/apple-touch-icon-57x57.png","favicons/apple-touch-icon-60x60.png","favicons/apple-touch-icon-72x72.png","favicons/apple-touch-icon-76x76.png","favicons/apple-touch-icon-114x114.png","favicons/apple-touch-icon-120x120.png","favicons/apple-touch-icon-144x144.png","favicons/apple-touch-icon-152x152.png","favicons/apple-touch-icon-167x167.png","favicons/apple-touch-icon.png","favicons/apple-touch-icon-180x180.png","favicons/apple-touch-icon-precomposed.png","favicons/favicon-16x16.png","favicons/favicon-32x32.png","favicons/favicon.ico","favicons/manifest.json"]}